// Jest Snapshot v1, https://goo.gl/fbAQLP

exports[`License screen should match the snapshot 1`] = `
<View
  style={
    {
      "backgroundColor": "#E9F2ED",
      "flex": 1,
    }
  }
>
  <RCTScrollView
    contentContainerStyle={
      [
        {
          "backgroundColor": "#E9F2ED",
          "flexGrow": 1,
        },
        undefined,
      ]
    }
  >
    <View>
      <Text
        style={
          [
            {
              "color": "#555",
              "fontFamily": "Jost-Book",
              "fontSize": 34.285714285714285,
            },
            {
              "alignSelf": "center",
              "color": "#3A2671",
              "fontFamily": "Jost-Bold",
              "fontSize": 51.42857142857143,
              "fontWeight": "700",
              "marginHorizontal": 34.285714285714285,
              "marginVertical": 42.857142857142854,
            },
          ]
        }
      >
        drip. an open-source cycle tracking app
      </Text>
      <View
        style={
          {
            "marginBottom": 34.285714285714285,
            "marginHorizontal": 34.285714285714285,
          }
        }
      >
        <Text
          style={
            [
              {
                "color": "#555",
                "fontFamily": "Jost-Book",
                "fontSize": 34.285714285714285,
              },
              undefined,
            ]
          }
        >
          Copyright (C) 2022 Heart of Code e.V.

This program is distributed in the hope that it will be useful, but WITHOUT ANY WARRANTY; without even the implied warranty of MERCHANTABILITY or FITNESS FOR A PARTICULAR PURPOSE. See the GNU General Public License for more details:
        </Text>
        <Text
          onPress={[Function]}
          style={
            {
              "color": "#3A2671",
              "fontFamily": "Jost-Book",
              "fontSize": 34.285714285714285,
              "textDecorationLine": "underline",
            }
          }
        >
          https://www.gnu.org/licenses/gpl-3.0.html
        </Text>
      </View>
    </View>
  </RCTScrollView>
</View>
`;
